# tests/3-say_my_name.txt

# Test case 1
>>> say_my_name("John", "Smith")
My name is John Smith

# Test case 2
>>> say_my_name("Walter", "White")
My name is Walter White

# Test case 3
>>> say_my_name("Bob")
My name is Bob

# Test case 4 - Exception case: first_name is not a string
>>> say_my_name(12, "White")
Traceback (most recent call last):
    ...
TypeError: first_name must be a string

# Test case 5 - Exception case: last_name is not a string
>>> say_my_name("John", 42)
Traceback (most recent call last):
    ...
TypeError: last_name must be a string

